
> app@0.1.0 build
> next build --webpack

▲ Next.js 16.1.6 (webpack)
- Experiments (use with caution):
  ✓ optimizeCss
  · optimizePackageImports
  ✓ scrollRestoration
  ✓ webpackBuildWorker

  Creating an optimized production build ...
✓ Compiled successfully in 15.7s
  Running TypeScript ...
  Collecting page data using 1 worker ...
  Generating static pages using 1 worker (0/16) ...
  Generating static pages using 1 worker (4/16) 
The width(-1) and height(-1) of chart should be greater than 0,
       please check the style of container, or the props width(100%) and height(100%),
       or add a minWidth(0) or minHeight(undefined) or use aspect(undefined) to control the
       height and width.
The width(-1) and height(-1) of chart should be greater than 0,
       please check the style of container, or the props width(100%) and height(100%),
       or add a minWidth(0) or minHeight(undefined) or use aspect(undefined) to control the
       height and width.
The width(-1) and height(-1) of chart should be greater than 0,
       please check the style of container, or the props width(100%) and height(100%),
       or add a minWidth(0) or minHeight(undefined) or use aspect(undefined) to control the
       height and width.
The width(-1) and height(-1) of chart should be greater than 0,
       please check the style of container, or the props width(100%) and height(100%),
       or add a minWidth(0) or minHeight(undefined) or use aspect(undefined) to control the
       height and width.
The width(-1) and height(-1) of chart should be greater than 0,
       please check the style of container, or the props width(100%) and height(100%),
       or add a minWidth(0) or minHeight(undefined) or use aspect(undefined) to control the
       height and width.
The width(-1) and height(-1) of chart should be greater than 0,
       please check the style of container, or the props width(100%) and height(100%),
       or add a minWidth(0) or minHeight(undefined) or use aspect(undefined) to control the
       height and width.
The width(-1) and height(-1) of chart should be greater than 0,
       please check the style of container, or the props width(100%) and height(100%),
       or add a minWidth(0) or minHeight(undefined) or use aspect(undefined) to control the
       height and width.
The width(-1) and height(-1) of chart should be greater than 0,
       please check the style of container, or the props width(100%) and height(100%),
       or add a minWidth(0) or minHeight(undefined) or use aspect(undefined) to control the
       height and width.
  Generating static pages using 1 worker (8/16) 
  Generating static pages using 1 worker (12/16) 
✓ Generating static pages using 1 worker (16/16) in 825.5ms
  Finalizing page optimization ...
  Collecting build traces ...

Route (app)
┌ ○ /
├ ○ /_not-found
├ ○ /analytics
├ ƒ /api/auth/callback
├ ƒ /api/customers
├ ƒ /api/customers/[id]
├ ƒ /api/customers/[id]/quotes
├ ƒ /api/quotes
├ ƒ /api/quotes/[id]/status
├ ƒ /api/quotes/expire
├ ƒ /api/webhooks/shopify
├ ○ /customers
├ ƒ /customers/[id]
├ ƒ /customers/[id]/edit
├ ○ /dashboard
├ ○ /quotes
├ ƒ /quotes/[id]
├ ƒ /quotes/[id]/edit
├ ○ /quotes/new
├ ○ /settings
└ ○ /templates


○  (Static)   prerendered as static content
ƒ  (Dynamic)  server-rendered on demand

